src/app.ts(2,18): error TS7016: Could not find a declaration file for module 'cors'. 'C:/Users/IPF-2025/OneDrive/Escritorio/TP-inventario/node_modules/cors/lib/index.js' implicitly has an 'any' type.
  Try `npm i --save-dev @types/cors` if it exists or add a new declaration (.d.ts) file containing `declare module 'cors';`
src/app.ts(4,10): error TS2305: Module '"express-validator"' has no exported member 'body'.
src/app.ts(4,16): error TS2305: Module '"express-validator"' has no exported member 'param'.
src/app.ts(4,29): error TS2497: This module can only be referenced with ECMAScript imports/exports by turning on the 'esModuleInterop' flag and referencing its default export.
src/middlewares/validation.middleware.ts(2,10): error TS2305: Module '"express-validator"' has no exported member 'validationResult'.
src/middlewares/validation.middleware.ts(2,34): error TS2497: This module can only be referenced with ECMAScript imports/exports by turning on the 'esModuleInterop' flag and referencing its default export.
src/services/auth.service.ts(2,47): error TS2307: Cannot find module '../helpers/bcrypt.helper.js' or its corresponding type declarations.
src/services/equipo.service.ts(2,24): error TS2307: Cannot find module '../models/equipo.model.js' or its corresponding type declarations.
